  Determining projects to restore...
  All projects are up-to-date for restore.
  Project.Core -> d:\Projects\Boilerplate\Project.Core\bin\Debug\net9.0\Project.Core.dll
  Project.Infrastructure -> d:\Projects\Boilerplate\Project.Infrastructure\bin\Debug\net9.0\Project.Infrastructure.dll
C:\Program Files\dotnet\sdk\9.0.308\Microsoft.Common.CurrentVersion.targets(2433,5): warning MSB3277: Found conflicts between different versions of "Microsoft.EntityFrameworkCore.Relational" that could not be resolved. [d:\Projects\Boilerplate\Project.Application\Project.Application.csproj]
C:\Program Files\dotnet\sdk\9.0.308\Microsoft.Common.CurrentVersion.targets(2433,5): warning MSB3277: There was a conflict between "Microsoft.EntityFrameworkCore.Relational, Version=9.0.0.0, Culture=neutral, PublicKeyToken=adb9793829ddae60" and "Microsoft.EntityFrameworkCore.Relational, Version=9.0.1.0, Culture=neutral, PublicKeyToken=adb9793829ddae60". [d:\Projects\Boilerplate\Project.Application\Project.Application.csproj]
C:\Program Files\dotnet\sdk\9.0.308\Microsoft.Common.CurrentVersion.targets(2433,5): warning MSB3277:     "Microsoft.EntityFrameworkCore.Relational, Version=9.0.0.0, Culture=neutral, PublicKeyToken=adb9793829ddae60" was chosen because it was primary and "Microsoft.EntityFrameworkCore.Relational, Version=9.0.1.0, Culture=neutral, PublicKeyToken=adb9793829ddae60" was not. [d:\Projects\Boilerplate\Project.Application\Project.Application.csproj]
C:\Program Files\dotnet\sdk\9.0.308\Microsoft.Common.CurrentVersion.targets(2433,5): warning MSB3277:     References which depend on "Microsoft.EntityFrameworkCore.Relational, Version=9.0.0.0, Culture=neutral, PublicKeyToken=adb9793829ddae60" [C:\Users\RON\.nuget\packages\microsoft.entityframeworkcore.relational\9.0.0\lib\net8.0\Microsoft.EntityFrameworkCore.Relational.dll]. [d:\Projects\Boilerplate\Project.Application\Project.Application.csproj]
C:\Program Files\dotnet\sdk\9.0.308\Microsoft.Common.CurrentVersion.targets(2433,5): warning MSB3277:         C:\Users\RON\.nuget\packages\microsoft.entityframeworkcore.relational\9.0.0\lib\net8.0\Microsoft.EntityFrameworkCore.Relational.dll [d:\Projects\Boilerplate\Project.Application\Project.Application.csproj]
C:\Program Files\dotnet\sdk\9.0.308\Microsoft.Common.CurrentVersion.targets(2433,5): warning MSB3277:           Project file item includes which caused reference "C:\Users\RON\.nuget\packages\microsoft.entityframeworkcore.relational\9.0.0\lib\net8.0\Microsoft.EntityFrameworkCore.Relational.dll". [d:\Projects\Boilerplate\Project.Application\Project.Application.csproj]
C:\Program Files\dotnet\sdk\9.0.308\Microsoft.Common.CurrentVersion.targets(2433,5): warning MSB3277:             C:\Users\RON\.nuget\packages\microsoft.entityframeworkcore.relational\9.0.0\lib\net8.0\Microsoft.EntityFrameworkCore.Relational.dll [d:\Projects\Boilerplate\Project.Application\Project.Application.csproj]
C:\Program Files\dotnet\sdk\9.0.308\Microsoft.Common.CurrentVersion.targets(2433,5): warning MSB3277:     References which depend on or have been unified to "Microsoft.EntityFrameworkCore.Relational, Version=9.0.1.0, Culture=neutral, PublicKeyToken=adb9793829ddae60" []. [d:\Projects\Boilerplate\Project.Application\Project.Application.csproj]
C:\Program Files\dotnet\sdk\9.0.308\Microsoft.Common.CurrentVersion.targets(2433,5): warning MSB3277:         d:\Projects\Boilerplate\Project.Infrastructure\bin\Debug\net9.0\Project.Infrastructure.dll [d:\Projects\Boilerplate\Project.Application\Project.Application.csproj]
C:\Program Files\dotnet\sdk\9.0.308\Microsoft.Common.CurrentVersion.targets(2433,5): warning MSB3277:           Project file item includes which caused reference "d:\Projects\Boilerplate\Project.Infrastructure\bin\Debug\net9.0\Project.Infrastructure.dll". [d:\Projects\Boilerplate\Project.Application\Project.Application.csproj]
C:\Program Files\dotnet\sdk\9.0.308\Microsoft.Common.CurrentVersion.targets(2433,5): warning MSB3277:             d:\Projects\Boilerplate\Project.Infrastructure\bin\Debug\net9.0\Project.Infrastructure.dll [d:\Projects\Boilerplate\Project.Application\Project.Application.csproj]
  Project.Application -> d:\Projects\Boilerplate\Project.Application\bin\Debug\net9.0\Project.Application.dll
d:\Projects\Boilerplate\Project.Migration\Migrations\20251128094227_AddTwoFactorAuthentication.cs(9,55): error CS0118: 'Migration' is a namespace but is used like a type [d:\Projects\Boilerplate\Project.Migration\Project.Migration.csproj]

Build FAILED.

C:\Program Files\dotnet\sdk\9.0.308\Microsoft.Common.CurrentVersion.targets(2433,5): warning MSB3277: Found conflicts between different versions of "Microsoft.EntityFrameworkCore.Relational" that could not be resolved. [d:\Projects\Boilerplate\Project.Application\Project.Application.csproj]
C:\Program Files\dotnet\sdk\9.0.308\Microsoft.Common.CurrentVersion.targets(2433,5): warning MSB3277: There was a conflict between "Microsoft.EntityFrameworkCore.Relational, Version=9.0.0.0, Culture=neutral, PublicKeyToken=adb9793829ddae60" and "Microsoft.EntityFrameworkCore.Relational, Version=9.0.1.0, Culture=neutral, PublicKeyToken=adb9793829ddae60". [d:\Projects\Boilerplate\Project.Application\Project.Application.csproj]
C:\Program Files\dotnet\sdk\9.0.308\Microsoft.Common.CurrentVersion.targets(2433,5): warning MSB3277:     "Microsoft.EntityFrameworkCore.Relational, Version=9.0.0.0, Culture=neutral, PublicKeyToken=adb9793829ddae60" was chosen because it was primary and "Microsoft.EntityFrameworkCore.Relational, Version=9.0.1.0, Culture=neutral, PublicKeyToken=adb9793829ddae60" was not. [d:\Projects\Boilerplate\Project.Application\Project.Application.csproj]
C:\Program Files\dotnet\sdk\9.0.308\Microsoft.Common.CurrentVersion.targets(2433,5): warning MSB3277:     References which depend on "Microsoft.EntityFrameworkCore.Relational, Version=9.0.0.0, Culture=neutral, PublicKeyToken=adb9793829ddae60" [C:\Users\RON\.nuget\packages\microsoft.entityframeworkcore.relational\9.0.0\lib\net8.0\Microsoft.EntityFrameworkCore.Relational.dll]. [d:\Projects\Boilerplate\Project.Application\Project.Application.csproj]
C:\Program Files\dotnet\sdk\9.0.308\Microsoft.Common.CurrentVersion.targets(2433,5): warning MSB3277:         C:\Users\RON\.nuget\packages\microsoft.entityframeworkcore.relational\9.0.0\lib\net8.0\Microsoft.EntityFrameworkCore.Relational.dll [d:\Projects\Boilerplate\Project.Application\Project.Application.csproj]
C:\Program Files\dotnet\sdk\9.0.308\Microsoft.Common.CurrentVersion.targets(2433,5): warning MSB3277:           Project file item includes which caused reference "C:\Users\RON\.nuget\packages\microsoft.entityframeworkcore.relational\9.0.0\lib\net8.0\Microsoft.EntityFrameworkCore.Relational.dll". [d:\Projects\Boilerplate\Project.Application\Project.Application.csproj]
C:\Program Files\dotnet\sdk\9.0.308\Microsoft.Common.CurrentVersion.targets(2433,5): warning MSB3277:             C:\Users\RON\.nuget\packages\microsoft.entityframeworkcore.relational\9.0.0\lib\net8.0\Microsoft.EntityFrameworkCore.Relational.dll [d:\Projects\Boilerplate\Project.Application\Project.Application.csproj]
C:\Program Files\dotnet\sdk\9.0.308\Microsoft.Common.CurrentVersion.targets(2433,5): warning MSB3277:     References which depend on or have been unified to "Microsoft.EntityFrameworkCore.Relational, Version=9.0.1.0, Culture=neutral, PublicKeyToken=adb9793829ddae60" []. [d:\Projects\Boilerplate\Project.Application\Project.Application.csproj]
C:\Program Files\dotnet\sdk\9.0.308\Microsoft.Common.CurrentVersion.targets(2433,5): warning MSB3277:         d:\Projects\Boilerplate\Project.Infrastructure\bin\Debug\net9.0\Project.Infrastructure.dll [d:\Projects\Boilerplate\Project.Application\Project.Application.csproj]
C:\Program Files\dotnet\sdk\9.0.308\Microsoft.Common.CurrentVersion.targets(2433,5): warning MSB3277:           Project file item includes which caused reference "d:\Projects\Boilerplate\Project.Infrastructure\bin\Debug\net9.0\Project.Infrastructure.dll". [d:\Projects\Boilerplate\Project.Application\Project.Application.csproj]
C:\Program Files\dotnet\sdk\9.0.308\Microsoft.Common.CurrentVersion.targets(2433,5): warning MSB3277:             d:\Projects\Boilerplate\Project.Infrastructure\bin\Debug\net9.0\Project.Infrastructure.dll [d:\Projects\Boilerplate\Project.Application\Project.Application.csproj]
d:\Projects\Boilerplate\Project.Migration\Migrations\20251128094227_AddTwoFactorAuthentication.cs(9,55): error CS0118: 'Migration' is a namespace but is used like a type [d:\Projects\Boilerplate\Project.Migration\Project.Migration.csproj]
    1 Warning(s)
    1 Error(s)

Time Elapsed 00:00:02.73

Workload updates are available. Run `dotnet workload list` for more information.
